the manifest should match the snapshot when using default values:
  1: |
    apiVersion: rbac.authorization.k8s.io/v1
    kind: ClusterRoleBinding
    metadata:
      labels:
        clickhouse.altinity.com/chop: 0.19.0
      name: clickhouse-operator-NAMESPACE
      namespace: NAMESPACE
    roleRef:
      apiGroup: rbac.authorization.k8s.io
      kind: ClusterRole
      name: clickhouse-operator-NAMESPACE
    subjects:
    - kind: ServiceAccount
      name: clickhouse-operator
      namespace: NAMESPACE
