the manifest should match the snapshot when using default values:
  1: |
    apiVersion: rbac.authorization.k8s.io/v1
    kind: RoleBinding
    metadata:
      labels:
        clickhouse.altinity.com/chop: 0.18.4
      name: clickhouse-operator
      namespace: NAMESPACE
    roleRef:
      apiGroup: rbac.authorization.k8s.io
      kind: Role
      name: clickhouse-operator
    subjects:
    - kind: ServiceAccount
      name: clickhouse-operator
      namespace: NAMESPACE
