the manifest should match the snapshot when using default values:
  1: |
    apiVersion: v1
    kind: Service
    metadata:
      labels:
        app: clickhouse-operator
        clickhouse.altinity.com/chop: 0.18.4
      name: clickhouse-operator-metrics
      namespace: NAMESPACE
    spec:
      ports:
      - name: clickhouse-operator-metrics
        port: 8888
      selector:
        app: clickhouse-operator
