the manifest should match the snapshot when using default values:
  1: |
    apiVersion: v1
    kind: ServiceAccount
    metadata:
      labels:
        clickhouse.altinity.com/chop: 0.18.4
      name: clickhouse-operator
      namespace: NAMESPACE
